[    0.000000] Initializing cgroup subsys cpuset
[    0.000000] Initializing cgroup subsys cpu
[    0.000000] Initializing cgroup subsys cpuacct
[    0.000000] Linux version 4.4.0-210-generic (buildd@lgw01-amd64-009) (gcc version 5.4.0 20160609 (Ubuntu 5.4.0-6ubuntu1~16.04.12) ) #242-Ubuntu SMP Fri Apr 16 09:57:56 UTC 2021 (Ubuntu 4.4.0-210.242-generic 4.4.262)
[    0.000000] Command line: BOOT_IMAGE=/boot/vmlinuz-4.4.0-210-generic root=LABEL=cloudimg-rootfs ro console=tty1 console=ttyS0
[    0.000000] KERNEL supported cpus:
[    0.000000]   Intel GenuineIntel
[    0.000000]   AMD AuthenticAMD
[    0.000000]   Centaur CentaurHauls
[    0.000000] [Firmware Bug]: TSC doesn't count with P0 frequency!
[    0.000000] x86/fpu: xstate_offset[2]:  576, xstate_sizes[2]:  256
[    0.000000] x86/fpu: Supporting XSAVE feature 0x01: 'x87 floating point registers'
[    0.000000] x86/fpu: Supporting XSAVE feature 0x02: 'SSE registers'
[    0.000000] x86/fpu: Supporting XSAVE feature 0x04: 'AVX registers'
[    0.000000] x86/fpu: Enabled xstate features 0x7, context size is 832 bytes, using 'standard' format.
[    0.000000] e820: BIOS-provided physical RAM map:
[    0.000000] BIOS-e820: [mem 0x0000000000000000-0x000000000009fbff] usable
[    0.000000] BIOS-e820: [mem 0x000000000009fc00-0x000000000009ffff] reserved
[    0.000000] BIOS-e820: [mem 0x00000000000f0000-0x00000000000fffff] reserved
[    0.000000] BIOS-e820: [mem 0x0000000000100000-0x000000001ffeffff] usable
[    0.000000] BIOS-e820: [mem 0x000000001fff0000-0x000000001fffffff] ACPI data
[    0.000000] BIOS-e820: [mem 0x00000000fec00000-0x00000000fec00fff] reserved
[    0.000000] BIOS-e820: [mem 0x00000000fee00000-0x00000000fee00fff] reserved
[    0.000000] BIOS-e820: [mem 0x00000000fffc0000-0x00000000ffffffff] reserved
[    0.000000] NX (Execute Disable) protection: active
[    0.000000] SMBIOS 2.5 present.
[    0.000000] Hypervisor detected: KVM
[    0.000000] Kernel/User page tables isolation: disabled
[    0.000000] e820: last_pfn = 0x1fff0 max_arch_pfn = 0x400000000
[    0.000000] x86/PAT: Configuration [0-7]: WB  WC  UC- UC  WB  WC  UC- WT  
[    0.000000] CPU MTRRs all blank - virtualized system.
[    0.000000] found SMP MP-table at [mem 0x0009fbf0-0x0009fbff] mapped at [ffff88000009fbf0]
[    0.000000] Scanning 1 areas for low memory corruption
[    0.000000] RAMDISK: [mem 0x1e8c2000-0x1f74bfff]
[    0.000000] ACPI: Early table checksum verification disabled
[    0.000000] ACPI: RSDP 0x00000000000E0000 000024 (v02 VBOX  )
[    0.000000] ACPI: XSDT 0x000000001FFF0030 00003C (v01 VBOX   VBOXXSDT 00000001 ASL  00000061)
[    0.000000] ACPI: FACP 0x000000001FFF00F0 0000F4 (v04 VBOX   VBOXFACP 00000001 ASL  00000061)
[    0.000000] ACPI: DSDT 0x000000001FFF02F0 002353 (v02 VBOX   VBOXBIOS 00000002 VBOX 0002AB1D)
[    0.000000] ACPI: FACS 0x000000001FFF0200 000040
[    0.000000] ACPI: FACS 0x000000001FFF0200 000040
[    0.000000] ACPI: APIC 0x000000001FFF0240 00005C (v02 VBOX   VBOXAPIC 00000001 ASL  00000061)
[    0.000000] ACPI: SSDT 0x000000001FFF02A0 000045 (v01 VBOX   VBOXCPUT 00000002 VBOX 0002AB1D)
[    0.000000] No NUMA configuration found
[    0.000000] Faking a node at [mem 0x0000000000000000-0x000000001ffeffff]
[    0.000000] NODE_DATA(0) allocated [mem 0x1ffeb000-0x1ffeffff]
[    0.000000] kvm-clock: Using msrs 4b564d01 and 4b564d00
[    0.000000] kvm-clock: cpu 0, msr 0:1ffe3001, primary cpu clock
[    0.000000] kvm-clock: using sched offset of 4952206427 cycles
[    0.000000] clocksource: kvm-clock: mask: 0xffffffffffffffff max_cycles: 0x1cd42e4dffb, max_idle_ns: 881590591483 ns
[    0.000000] Zone ranges:
[    0.000000]   DMA      [mem 0x0000000000001000-0x0000000000ffffff]
[    0.000000]   DMA32    [mem 0x0000000001000000-0x000000001ffeffff]
[    0.000000]   Normal   empty
[    0.000000]   Device   empty
[    0.000000] Movable zone start for each node
[    0.000000] Early memory node ranges
[    0.000000]   node   0: [mem 0x0000000000001000-0x000000000009efff]
[    0.000000]   node   0: [mem 0x0000000000100000-0x000000001ffeffff]
[    0.000000] Initmem setup node 0 [mem 0x0000000000001000-0x000000001ffeffff]
[    0.000000] ACPI: PM-Timer IO Port: 0x4008
[    0.000000] IOAPIC[0]: apic_id 2, version 32, address 0xfec00000, GSI 0-23
[    0.000000] ACPI: INT_SRC_OVR (bus 0 bus_irq 0 global_irq 2 dfl dfl)
[    0.000000] ACPI: INT_SRC_OVR (bus 0 bus_irq 9 global_irq 9 low level)
[    0.000000] Using ACPI (MADT) for SMP configuration information
[    0.000000] smpboot: Allowing 2 CPUs, 0 hotplug CPUs
[    0.000000] PM: Registered nosave memory: [mem 0x00000000-0x00000fff]
[    0.000000] PM: Registered nosave memory: [mem 0x0009f000-0x0009ffff]
[    0.000000] PM: Registered nosave memory: [mem 0x000a0000-0x000effff]
[    0.000000] PM: Registered nosave memory: [mem 0x000f0000-0x000fffff]
[    0.000000] e820: [mem 0x20000000-0xfebfffff] available for PCI devices
[    0.000000] Booting paravirtualized kernel on KVM
[    0.000000] clocksource: refined-jiffies: mask: 0xffffffff max_cycles: 0xffffffff, max_idle_ns: 7645519600211568 ns
[    0.000000] setup_percpu: NR_CPUS:512 nr_cpumask_bits:512 nr_cpu_ids:2 nr_node_ids:1
[    0.000000] PERCPU: Embedded 33 pages/cpu @ffff88001fc00000 s95192 r8192 d31784 u1048576
[    0.000000] Built 1 zonelists in Node order, mobility grouping on.  Total pages: 128888
[    0.000000] Policy zone: DMA32
[    0.000000] Kernel command line: BOOT_IMAGE=/boot/vmlinuz-4.4.0-210-generic root=LABEL=cloudimg-rootfs ro console=tty1 console=ttyS0
[    0.000000] PID hash table entries: 2048 (order: 2, 16384 bytes)
[    0.000000] Memory: 481712K/523832K available (8644K kernel code, 1332K rwdata, 4044K rodata, 1492K init, 1164K bss, 42120K reserved, 0K cma-reserved)
[    0.000000] SLUB: HWalign=64, Order=0-3, MinObjects=0, CPUs=2, Nodes=1
[    0.000000] Hierarchical RCU implementation.
[    0.000000] 	Build-time adjustment of leaf fanout to 64.
[    0.000000] 	RCU restricting CPUs from NR_CPUS=512 to nr_cpu_ids=2.
[    0.000000] RCU: Adjusting geometry for rcu_fanout_leaf=64, nr_cpu_ids=2
[    0.000000] NR_IRQS:33024 nr_irqs:440 16
[    0.000000] Console: colour VGA+ 80x25
[    0.000000] console [tty1] enabled
[    0.000000] console [ttyS0] enabled
[    0.000000] tsc: Detected 3293.850 MHz processor
[    1.262890] Calibrating delay loop (skipped) preset value.. 6587.70 BogoMIPS (lpj=13175400)
[    1.278885] pid_max: default: 32768 minimum: 301
[    1.287622] ACPI: Core revision 20150930
[    1.298722] ACPI: 2 ACPI AML tables successfully acquired and loaded
[    1.312780] Security Framework initialized
[    1.322327] Yama: becoming mindful.
[    1.329453] AppArmor: AppArmor initialized
[    1.337944] Dentry cache hash table entries: 65536 (order: 7, 524288 bytes)
[    1.352872] Inode-cache hash table entries: 32768 (order: 6, 262144 bytes)
[    1.367246] Mount-cache hash table entries: 1024 (order: 1, 8192 bytes)
[    1.380267] Mountpoint-cache hash table entries: 1024 (order: 1, 8192 bytes)
[    1.396084] Initializing cgroup subsys io
[    1.404100] Initializing cgroup subsys memory
[    1.413591] Initializing cgroup subsys devices
[    1.423689] Initializing cgroup subsys freezer
[    1.432551] Initializing cgroup subsys net_cls
[    1.443122] Initializing cgroup subsys perf_event
[    1.452770] Initializing cgroup subsys net_prio
[    1.462512] Initializing cgroup subsys hugetlb
[    1.473827] Initializing cgroup subsys pids
[    1.484842] mce: CPU supports 0 MCE banks
[    1.493770] Last level iTLB entries: 4KB 512, 2MB 512, 4MB 256
[    1.507803] Last level dTLB entries: 4KB 3072, 2MB 3072, 4MB 1536, 1GB 0
[    1.521629] Spectre V1 : Mitigation: usercopy/swapgs barriers and __user pointer sanitization
[    1.539221] Spectre V2 : Spectre mitigation: LFENCE not serializing, switching to generic retpoline
[    1.557713] Spectre V2 : Mitigation: Full generic retpoline
[    1.569487] Spectre V2 : Spectre v2 / SpectreRSB mitigation: Filling RSB on context switch
[    1.703352] Freeing SMP alternatives memory: 36K
[    1.980181] ftrace: allocating 32380 entries in 127 pages
[    3.688261] smpboot: APIC(0) Converting physical 0 to logical package 0
[    3.699972] smpboot: Max logical packages: 1
[    3.734332] ..TIMER: vector=0x30 apic1=0 pin1=2 apic2=-1 pin2=-1
[    3.855656] smpboot: CPU0: AMD Ryzen 7 250 w/ Radeon 780M Graphics (family: 0x19, model: 0x75, stepping: 0x2)
[    3.875315] Performance Events: Broken PMU hardware detected, using software events only.
[    3.892205] Failed to access perfctr msr (MSR c0010007 is 0)
[    4.167956] KVM setup paravirtual spinlock
[    4.216472] x86: Booting SMP configuration:
[    4.224380] .... node  #0, CPUs:      #1
[    4.234560] kvm-clock: cpu 1, msr 0:1ffe3041, secondary cpu clock
[    4.244818] mce: CPU supports 0 MCE banks
[    4.251896] x86: Booted up 1 node, 2 CPUs
[    4.259099] smpboot: Total of 2 processors activated (13175.40 BogoMIPS)
[    4.277267] devtmpfs: initialized
[    4.285732] evm: security.selinux
[    4.291783] evm: security.SMACK64
[    4.298323] evm: security.SMACK64EXEC
[    4.305119] evm: security.SMACK64TRANSMUTE
[    4.312083] evm: security.SMACK64MMAP
[    4.318726] evm: security.ima
[    4.323912] evm: security.capability
[    4.331180] clocksource: jiffies: mask: 0xffffffff max_cycles: 0xffffffff, max_idle_ns: 7645041785100000 ns
[    4.358762] futex hash table entries: 512 (order: 3, 32768 bytes)
[    4.376625] pinctrl core: initialized pinctrl subsystem
[    4.388022] RTC time:  8:06:59, date: 08/28/26
[    4.399068] NET: Registered protocol family 16
[    4.418736] cpuidle: using governor ladder
[    4.435198] cpuidle: using governor menu
[    4.443680] PCCT header not found.
[    4.456912] ACPI: bus type PCI registered
[    4.465671] acpiphp: ACPI Hot Plug PCI Controller Driver version: 0.5
[    4.478015] PCI: Using configuration type 1 for base access
[    4.489008] PCI: Using configuration type 1 for extended access
[    4.512473] ACPI: Added _OSI(Module Device)
[    4.519737] ACPI: Added _OSI(Processor Device)
[    4.527374] ACPI: Added _OSI(3.0 _SCP Extensions)
[    4.535177] ACPI: Added _OSI(Processor Aggregator Device)
[    4.547655] ACPI: Executed 1 blocks of module-level executable AML code
[    4.566593] ACPI: Interpreter enabled
[    4.574291] ACPI: (supports S0 S5)
[    4.580154] ACPI: Using IOAPIC for interrupt routing
[    4.590224] PCI: Using host bridge windows from ACPI; if necessary, use "pci=nocrs" and report a bug
[    4.619518] ACPI: PCI Root Bridge [PCI0] (domain 0000 [bus 00-ff])
[    4.630037] acpi PNP0A03:00: _OSC: OS supports [ExtendedConfig ASPM ClockPM Segments MSI]
[    4.646567] acpi PNP0A03:00: _OSC: platform does not support [PCIeCapability]
[    4.660130] acpi PNP0A03:00: _OSC: not requesting control; platform does not support [PCIeCapability]
[    4.675481] acpi PNP0A03:00: _OSC: OS requested [PCIeHotplug PME AER PCIeCapability]
[    4.688183] acpi PNP0A03:00: _OSC: platform willing to grant [PCIeHotplug PME AER]
[    4.700669] acpi PNP0A03:00: _OSC failed (AE_SUPPORT); disabling ASPM
[    4.713628] PCI host bridge to bus 0000:00
[    4.720964] pci_bus 0000:00: root bus resource [io  0x0000-0x0cf7 window]
[    4.732700] pci_bus 0000:00: root bus resource [io  0x0d00-0xffff window]
[    4.744634] pci_bus 0000:00: root bus resource [mem 0x000a0000-0x000bffff window]
[    4.757135] pci_bus 0000:00: root bus resource [mem 0x20000000-0xfdffffff window]
[    4.769568] pci_bus 0000:00: root bus resource [bus 00-ff]
[    4.824551] pci 0000:00:01.1: legacy IDE quirk: reg 0x10: [io  0x01f0-0x01f7]
[    4.836618] pci 0000:00:01.1: legacy IDE quirk: reg 0x14: [io  0x03f6]
[    4.847671] pci 0000:00:01.1: legacy IDE quirk: reg 0x18: [io  0x0170-0x0177]
[    4.859713] pci 0000:00:01.1: legacy IDE quirk: reg 0x1c: [io  0x0376]
[    4.911745] pci 0000:00:07.0: quirk: [io  0x4000-0x403f] claimed by PIIX4 ACPI
[    4.924792] pci 0000:00:07.0: quirk: [io  0x4100-0x410f] claimed by PIIX4 SMB
[    4.952772] ACPI: PCI Interrupt Link [LNKA] (IRQs 5 9 10 *11)
[    4.968583] ACPI: PCI Interrupt Link [LNKB] (IRQs 5 9 *10 11)
[    4.985919] ACPI: PCI Interrupt Link [LNKC] (IRQs 5 *9 10 11)
[    5.002178] ACPI: PCI Interrupt Link [LNKD] (IRQs 5 9 10 *11)
[    5.018087] ACPI: Enabled 2 GPEs in block 00 to 07
[    5.029853] vgaarb: setting as boot device: PCI:0000:00:02.0
[    5.040200] vgaarb: device added: PCI:0000:00:02.0,decodes=io+mem,owns=io+mem,locks=none
[    5.054464] vgaarb: loaded
[    5.059294] vgaarb: bridge control possible 0000:00:02.0
[    5.070061] SCSI subsystem initialized
[    5.079377] ACPI: bus type USB registered
[    5.089146] usbcore: registered new interface driver usbfs
[    5.101109] usbcore: registered new interface driver hub
[    5.113844] usbcore: registered new device driver usb
[    5.128594] PCI: Using ACPI for IRQ routing
[    5.140221] NetLabel: Initializing
[    5.146957] NetLabel:  domain hash size = 128
[    5.156940] NetLabel:  protocols = UNLABELED CIPSOv4
[    5.166541] NetLabel:  unlabeled traffic allowed by default
[    5.178002] amd_nb: Cannot enumerate AMD northbridges
[    5.188630] clocksource: Switched to clocksource kvm-clock
[    5.248901] AppArmor: AppArmor Filesystem Enabled
[    5.257160] pnp: PnP ACPI init
[    5.265250] pnp: PnP ACPI: found 3 devices
[    5.356151] clocksource: acpi_pm: mask: 0xffffff max_cycles: 0xffffff, max_idle_ns: 2085701024 ns
[    5.379722] NET: Registered protocol family 2
[    5.397425] TCP established hash table entries: 4096 (order: 3, 32768 bytes)
[    5.417539] TCP bind hash table entries: 4096 (order: 4, 65536 bytes)
[    5.431093] TCP: Hash tables configured (established 4096 bind 4096)
[    5.443077] UDP hash table entries: 256 (order: 1, 8192 bytes)
[    5.453914] UDP-Lite hash table entries: 256 (order: 1, 8192 bytes)
[    5.465584] NET: Registered protocol family 1
[    5.473192] pci 0000:00:00.0: Limiting direct PCI/PCI transfers
[    5.522977] pci 0000:00:01.0: Activating ISA DMA hang workarounds
[    5.533762] Unpacking initramfs...
[    6.248217] Freeing initrd memory: 14888K
[    6.255909] clocksource: tsc: mask: 0xffffffffffffffff max_cycles: 0x2f7a9af7967, max_idle_ns: 440795319511 ns
[    6.273409] platform rtc_cmos: registered platform RTC device (no PNP device found)
[    6.287783] Scanning for low memory corruption every 60 seconds
[    6.302706] audit: initializing netlink subsys (disabled)
[    6.314608] audit: type=2000 audit(1787904423.755:1): initialized
[    6.327500] Initialise system trusted keyring
[    6.339860] HugeTLB registered 2 MB page size, pre-allocated 0 pages
[    6.356310] zbud: loaded
[    6.364265] VFS: Disk quotas dquot_6.6.0
[    6.373658] VFS: Dquot-cache hash table entries: 512 (order 0, 4096 bytes)
[    6.389933] squashfs: version 4.0 (2009/01/31) Phillip Lougher
[    6.402175] fuse init (API version 7.23)
[    6.411904] Key type big_key registered
[    6.420410] Allocating IMA MOK and blacklist keyrings.
[    6.464344] Key type asymmetric registered
[    6.473859] Asymmetric key parser 'x509' registered
[    6.483371] Block layer SCSI generic (bsg) driver version 0.4 loaded (major 249)
[    6.499955] io scheduler noop registered
[    6.507805] io scheduler deadline registered (default)
[    6.517111] io scheduler cfq registered
[    6.524654] pci_hotplug: PCI Hot Plug PCI Core version: 0.5
[    6.535674] pciehp: PCI Express Hot Plug Controller Driver version: 0.4
[    6.548105] ACPI: AC Adapter [AC] (off-line)
[    6.556516] input: Power Button as /devices/LNXSYSTM:00/LNXPWRBN:00/input/input0
[    6.571014] ACPI: Power Button [PWRF]
[    6.578582] input: Sleep Button as /devices/LNXSYSTM:00/LNXSLPBN:00/input/input1
[    6.591272] ACPI: Sleep Button [SLPF]
[    6.600887] GHES: HEST is not enabled!
[    6.603958] ACPI: Battery Slot [BAT0] (battery present)
[    6.622464] Serial: 8250/16550 driver, 32 ports, IRQ sharing enabled
[    6.674411] 00:02: ttyS0 at I/O 0x3f8 (irq = 4, base_baud = 115200) is a 16550A
[    6.727752] Linux agpgart interface v0.103
[    6.753013] loop: module loaded
[    6.762978] scsi host0: ata_piix
[    6.771211] scsi host1: ata_piix
[    6.778417] ata1: PATA max UDMA/33 cmd 0x1f0 ctl 0x3f6 bmdma 0xd000 irq 14
[    6.791227] ata2: PATA max UDMA/33 cmd 0x170 ctl 0x376 bmdma 0xd008 irq 15
[    6.804031] libphy: Fixed MDIO Bus: probed
[    6.812029] tun: Universal TUN/TAP device driver, 1.6
[    6.821294] tun: (C) 1999-2004 Max Krasnyansky <maxk@qualcomm.com>
[    6.833893] PPP generic driver version 2.4.2
[    6.845099] ehci_hcd: USB 2.0 'Enhanced' Host Controller (EHCI) Driver
[    6.857450] ehci-pci: EHCI PCI platform driver
[    6.867087] ehci-platform: EHCI generic platform driver
[    6.878160] ohci_hcd: USB 1.1 'Open' Host Controller (OHCI) Driver
[    6.890846] ohci-pci: OHCI PCI platform driver
[    6.900445] ohci-platform: OHCI generic platform driver
[    6.913035] uhci_hcd: USB Universal Host Controller Interface driver
[    6.926057] i8042: PNP: PS/2 Controller [PNP0303:PS2K,PNP0f03:PS2M] at 0x60,0x64 irq 1,12
[    6.949662] serio: i8042 KBD port at 0x60,0x64 irq 1
[    6.959672] serio: i8042 AUX port at 0x60,0x64 irq 12
[    7.057224] mousedev: PS/2 mouse device common for all mice
[    7.077258] rtc_cmos rtc_cmos: rtc core: registered rtc_cmos as rtc0
[    7.089584] input: AT Translated Set 2 keyboard as /devices/platform/i8042/serio0/input/input2
[    7.090826] rtc_cmos rtc_cmos: alarms up to one day, 114 bytes nvram
[    7.090838] i2c /dev entries driver
[    7.090899] device-mapper: uevent: version 1.0.3
[    7.090960] device-mapper: ioctl: 4.34.0-ioctl (2015-10-28) initialised: dm-devel@redhat.com
[    7.090986] ledtrig-cpu: registered to indicate activity on CPUs
[    7.091457] NET: Registered protocol family 10
[    7.091596] NET: Registered protocol family 17
[    7.091606] Key type dns_resolver registered
[    7.092092] registered taskstats version 1
[    7.092107] Loading compiled-in X.509 certificates
[    7.092866] Loaded X.509 cert 'Build time autogenerated kernel key: cf00e047681d67edb2720680708b7d9498083038'
[    7.092897] zswap: loaded using pool lzo/zbud
[    7.097157] Key type trusted registered
[    7.103515] Key type encrypted registered
[    7.103523] AppArmor: AppArmor sha1 policy hashing enabled
[    7.103527] ima: No TPM chip found, activating TPM-bypass!
[    7.103531] ima: Allocated hash algorithm: sha1
[    7.103770] evm: HMAC attrs: 0x1
[    7.105267]   Magic number: 6:30:120
[    7.105274] misc device-mapper: hash matches
[    7.118306] rtc_cmos rtc_cmos: setting system clock to 2026-08-28 08:07:02 UTC (1787904422)
[    7.118436] BIOS EDD facility v0.16 2004-Jun-25, 0 devices found
[    7.118437] EDD information not available.
[    7.320586] Freeing unused kernel memory: 1492K
[    7.342064] Write protecting the kernel read-only data: 14336k
[    7.356142] Freeing unused kernel memory: 1584K
[    7.365946] Freeing unused kernel memory: 52K
Loading, please wait...
starting version 229
[    7.426775] random: systemd-udevd: uninitialized urandom read (16 bytes read, 11 bits of entropy available)
[    7.429040] random: udevadm: uninitialized urandom read (16 bytes read, 11 bits of entropy available)
[    7.429075] random: udevadm: uninitialized urandom read (16 bytes read, 11 bits of entropy available)
[    7.451842] random: udevadm: uninitialized urandom read (16 bytes read, 11 bits of entropy available)
[    7.451903] random: udevadm: uninitialized urandom read (16 bytes read, 11 bits of entropy available)
[    7.452348] random: udevadm: uninitialized urandom read (16 bytes read, 11 bits of entropy available)
[    7.452407] random: udevadm: uninitialized urandom read (16 bytes read, 11 bits of entropy available)
[    7.452626] random: udevadm: uninitialized urandom read (16 bytes read, 11 bits of entropy available)
[    7.452682] random: udevadm: uninitialized urandom read (16 bytes read, 11 bits of entropy available)
[    7.452732] random: udevadm: uninitialized urandom read (16 bytes read, 11 bits of entropy available)
[    7.664690] e1000: Intel(R) PRO/1000 Network Driver - version 7.3.21-k8-NAPI
[    7.679779] e1000: Copyright (c) 1999-2006 Intel Corporation.
[    7.725224] Fusion MPT base driver 3.04.20
[    7.733818] Copyright (c) 1999-2008 LSI Corporation
[    7.788041] AVX2 version of gcm_enc/dec engaged.
[    7.798521] AES CTR mode by8 optimization enabled
[    7.824000] Fusion MPT SPI Host driver 3.04.20
[    8.107895] input: ImExPS/2 Generic Explorer Mouse as /devices/platform/i8042/serio1/input/input4
[    8.811911] e1000 0000:00:03.0 eth0: (PCI:33MHz:32-bit) 02:be:82:6b:cc:1d
[    8.823133] e1000 0000:00:03.0 eth0: Intel(R) PRO/1000 Network Connection
[    8.839852] e1000 0000:00:03.0 enp0s3: renamed from eth0
[    8.849490] mptbase: ioc0: Initiating bringup
[    8.940182] ioc0: LSI53C1030 A0: Capabilities={Initiator}
[    9.244586] scsi host2: ioc0: LSI53C1030 A0, FwRev=00000000h, Ports=1, MaxQ=256, IRQ=20
[    9.387047] scsi 2:0:0:0: Direct-Access     VBOX     HARDDISK         1.0  PQ: 0 ANSI: 5
[    9.401163] scsi target2:0:0: Beginning Domain Validation
[    9.421717] scsi target2:0:0: Domain Validation skipping write tests
[    9.433445] scsi target2:0:0: Ending Domain Validation
[    9.444239] scsi target2:0:0: asynchronous
[    9.456830] scsi 2:0:1:0: Direct-Access     VBOX     HARDDISK         1.0  PQ: 0 ANSI: 5
[    9.471686] scsi target2:0:1: Beginning Domain Validation
[    9.495382] scsi target2:0:1: Domain Validation skipping write tests
[    9.506394] scsi target2:0:1: Ending Domain Validation
[    9.515698] scsi target2:0:1: asynchronous
[    9.585482] sd 2:0:0:0: Attached scsi generic sg0 type 0
[    9.611266] sd 2:0:0:0: [sda] 83886080 512-byte logical blocks: (42.9 GB/40.0 GiB)
[    9.614983] sd 2:0:1:0: [sdb] 20480 512-byte logical blocks: (10.5 MB/10.0 MiB)
[    9.616394] sd 2:0:1:0: [sdb] Write Protect is off
[    9.617725] sd 2:0:1:0: [sdb] Write cache: enabled, read cache: enabled, supports DPO and FUA
[    9.623070] sd 2:0:1:0: Attached scsi generic sg1 type 0
[    9.671870] sd 2:0:0:0: [sda] Write Protect is off
[    9.681988] sd 2:0:1:0: [sdb] Attached SCSI disk
[    9.682134] sd 2:0:0:0: [sda] Write cache: enabled, read cache: enabled, supports DPO and FUA
[    9.754300]  sda: sda1
[    9.766599] sd 2:0:0:0: [sda] Attached SCSI disk
Begin: Loading essential drivers ... [   11.533938] md: linear personality registered for level -1
[   11.553213] md: multipath personality registered for level -4
[   11.571071] md: raid0 personality registered for level 0
[   11.616160] md: raid1 personality registered for level 1
